Program
  List
    Func
      IdDecl ID="gcd1"
      List
        Para
          IdDecl ID="a"
        Para
          IdDecl ID="b"
      List
        WhileStmt
          Neq
            IdUse ID="a"
            IdUse ID="b"
          List
            IfStmt
              Gt
                IdUse ID="a"
                IdUse ID="b"
              List
                Assign
                  IdUse ID="a"
                  Min
                    IdUse ID="a"
                    IdUse ID="b"
              List
                Assign
                  IdUse ID="b"
                  Min
                    IdUse ID="b"
                    IdUse ID="a"
        Return
          IdUse ID="a"
    Func
      IdDecl ID="gcd2"
      List
        Para
          IdDecl ID="a"
        Para
          IdDecl ID="b"
      List
        IfStmt
          Eq
            IdUse ID="b"
            Numeral NUMERAL="0"
          List
            Return
              IdUse ID="a"
          List
        Return
          Call
            IdUse ID="gcd2"
            List
              IdUse ID="b"
              Mod
                IdUse ID="a"
                IdUse ID="b"
    Func
      IdDecl ID="main"
      List
      List
        VarDecl
          IdDecl ID="a"
          Opt
        VarDecl
          IdDecl ID="b"
          Opt
        Assign
          IdUse ID="a"
          Read
            List
        Assign
          IdUse ID="b"
          Read
            List
        Print
          Call
            IdUse ID="gcd1"
            List
              IdUse ID="a"
              IdUse ID="b"
        Print
          Call
            IdUse ID="gcd2"
            List
              IdUse ID="a"
              IdUse ID="b"
        VarDecl
          IdDecl ID="diff"
          Opt
            Min
              Call
                IdUse ID="gcd1"
                List
                  IdUse ID="a"
                  IdUse ID="b"
              Call
                IdUse ID="gcd2"
                List
                  IdUse ID="a"
                  IdUse ID="b"
        Print
          IdUse ID="diff"
        Return
          Numeral NUMERAL="0"

