Error at line 3: type does not check!
Error at line 9: type does not check!
