Error at line 2: type does not check!
Error at line 8: type does not check!
Error at line 9: type does not check!